Streaming Hyperion LED colors to WLED with fade...
Traceback (most recent call last):
  File "/home/js/.config/dotfiles/ambilight/run.py", line 51, in <module>
    time.sleep(FADE_DELAY)
    ~~~~~~~~~~^^^^^^^^^^^^
KeyboardInterrupt
Streaming Hyperion LED colors to WLED with fade...
Traceback (most recent call last):
  File "/home/js/.config/dotfiles/ambilight/run.py", line 51, in <module>
    time.sleep(FADE_DELAY)
    ~~~~~~~~~~^^^^^^^^^^^^
KeyboardInterrupt
Streaming Hyperion LED colors to WLED with fade...
Streaming Hyperion LED colors to WLED with fade...
Streaming Hyperion LED colors to WLED with fade...
Streaming Hyperion LED colors to WLED with fade...
[Instance 0] Connecting to Hyperion...
[Instance 1] Connecting to Hyperion...
Streaming both Hyperion instances to WLED @ 50 FPS...
[Instance 0] Connected.
[Instance 1] Connected.
Traceback (most recent call last):
  File "/home/js/.config/dotfiles/ambilight/run.py", line 136, in <module>
    main()
    ~~~~^^
  File "/home/js/.config/dotfiles/ambilight/run.py", line 118, in main
    udp.sendto(payload, (WLED_IP, PORT_UDP))
    ~~~~~~~~~~^^^^^^^^^^^^^^^^^^^^^^^^^^^^^^
OSError: [Errno 101] Network is unreachable
[Instance 0] Connecting to Hyperion...
[Instance 1] Connecting to Hyperion...
Streaming both Hyperion instances to WLED @ 50 FPS...
[Instance 1] Connected.
[Instance 0] Connected.

Exiting cleanly.
